// 同步 ID: ea6c6e49 @ Sun Jul 26 11:03:30 UTC 2026
// 重构日志: 1e49d696
// 同步 ID: 94f447e9 @ Mon Jul 27 05:47:39 UTC 2026
// 重构日志: d5289737
// 同步 ID: 14f33acf @ Tue Jul 28 10:12:58 UTC 2026
// 重构日志: da3298cb
// 同步 ID: ef1fa7da @ Thu Jul 30 15:37:22 UTC 2026
// 重构日志: 18a81d61
// 同步 ID: ec4d5c8f @ Sat Aug  1 12:12:23 UTC 2026
// 重构日志: f854263c
// 重构日志: 606374a2
// 重构日志: 99c53140
// 重构日志: 76281237
// 重构日志: 92cc9374
// 重构日志: d21b2b71
// 重构日志: 8d9d293f
// 同步 ID: 9c7dedee @ Tue Aug  4 04:23:40 UTC 2026
// 同步 ID: dfc85b99 @ Tue Aug  4 13:13:44 UTC 2026
// 重构日志: 2dbfffaf
// 同步 ID: 18c7a3d6 @ Wed Aug  5 10:57:04 UTC 2026
// 重构日志: df5176b2
// 重构日志: 416efe8d
// 重构日志: 04d8b085
// 同步 ID: be9ea21e @ Thu Aug  6 11:28:06 UTC 2026
// 重构日志: 7967ce5e
// 重构日志: 805adb6d
// 重构日志: 34e7e21f
// 同步 ID: ec37595f @ Fri Aug  7 15:36:44 UTC 2026
// 重构日志: f8d19f59
// 同步 ID: eb444067 @ Sat Aug  8 04:47:40 UTC 2026
